Resolving dependencies...
Downloading packages...
  _flutterfire_internals 1.3.59 (1.3.66 available)
  archive 4.0.7 (4.0.9 available)
  characters 1.4.0 (1.4.1 available)
  crypto 3.0.6 (3.0.7 available)
  ffi 2.1.4 (2.2.0 available)
  firebase_auth 5.7.0 (6.1.4 available)
  firebase_auth_platform_interface 7.7.3 (8.1.6 available)
  firebase_auth_web 5.15.3 (6.1.2 available)
  firebase_core 3.15.2 (4.4.0 available)
  firebase_core_platform_interface 6.0.0 (6.0.2 available)
  firebase_core_web 2.24.1 (3.4.0 available)
  firebase_database 11.3.10 (12.1.3 available)
  firebase_database_platform_interface 0.2.6+10 (0.3.0+2 available)
  firebase_database_web 0.2.6+16 (0.2.7+3 available)
  flutter_launcher_icons 0.13.1 (0.14.4 available)
  flutter_lints 5.0.0 (6.0.0 available)
  fluttertoast 8.2.12 (9.0.0 available)
  geocoding 3.0.0 (4.0.0 available)
  geocoding_android 3.3.1 (5.0.0 available)
  geocoding_platform_interface 3.2.0 (5.0.0 available)
  geolocator 12.0.0 (14.0.2 available)
  geolocator_android 4.6.2 (5.0.2 available)
  google_sign_in 6.3.0 (7.2.0 available)
  google_sign_in_android 6.2.1 (7.2.9 available)
  google_sign_in_ios 5.9.0 (6.3.0 available)
  google_sign_in_platform_interface 2.5.0 (3.1.0 available)
  google_sign_in_web 0.12.4+4 (1.1.1 available)
  http 1.5.0 (1.6.0 available)
  image 4.5.4 (4.8.0 available)
  json_annotation 4.9.0 (4.11.0 available)
  leak_tracker 11.0.1 (11.0.2 available)
  lints 5.1.1 (6.1.0 available)
  matcher 0.12.17 (0.12.18 available)
  material_color_utilities 0.11.1 (0.13.0 available)
  meta 1.16.0 (1.18.1 available)
  petitparser 7.0.1 (7.0.2 available)
  shared_preferences 2.5.3 (2.5.4 available)
  shared_preferences_android 2.4.12 (2.4.20 available)
  shared_preferences_foundation 2.5.4 (2.5.6 available)
  source_span 1.10.1 (1.10.2 available)
  test_api 0.7.6 (0.7.9 available)
  url_launcher_android 6.3.18 (6.3.28 available)
  url_launcher_ios 6.3.4 (6.4.1 available)
  url_launcher_linux 3.2.1 (3.2.2 available)
  url_launcher_macos 3.2.3 (3.2.5 available)
  url_launcher_web 2.4.1 (2.4.2 available)
  url_launcher_windows 3.1.4 (3.1.5 available)
  uuid 4.5.1 (4.5.2 available)
Got dependencies!
48 packages have newer versions incompatible with dependency constraints.
Try `flutter pub outdated` for more information.
Running Gradle task 'bundleRelease'...                          

FAILURE: Build failed with an exception.

* Where:
Build file 'C:\Users\Ahsan\Desktop\neww\ghartek_flutter_app\android\build.gradle.kts' line: 29

* What went wrong:
A problem occurred configuring project ':app'.
> com.android.builder.errors.EvalIssueException: [CXX1101] NDK at C:\Users\Ahsan\AppData\Local\Android\sdk\ndk\27.0.12077973 did not have a source.properties file

* Try:
> Run with --stacktrace option to get the stack trace.
> Run with --info or --debug option to get more log output.
> Run with --scan to get full insights.
> Get more help at https://help.gradle.org.

BUILD FAILED in 4m 38s
Running Gradle task 'bundleRelease'...                            288.5s

┌─ Flutter Fix ───────────────────────────────────────────────────────────────┐
│     [!] This is likely due to a malformed download of the NDK.              │
│     This can be fixed by deleting the local NDK copy at:                    │
│     C:\Users\Ahsan\AppData\Local\Android\sdk\ndk\27.0.12077973              │
│     and allowing the Android Gradle Plugin to automatically re-download it. │
│                                                                             │
└─────────────────────────────────────────────────────────────────────────────┘
Gradle task bundleRelease failed with exit code 1
